##########################################
# (1) LINK INFORMATION                   #
##########################################
LN30 @.\Demo.cmd

# LINK FILE INFORMATION
NCRT0 (.\ncrt0.r30)
	Mar 29 00:22:02 2012

MAIN (.\main.r30)
	Mar 29 00:22:02 2012

COMPASS (.\compass.r30)
	Mar 29 00:22:02 2012

DELAYTIMER (.\delayTimer.r30)
	Mar 29 00:22:02 2012

MAGACC (.\MagAcc.r30)
	Mar 29 00:22:02 2012

MITSUI2C (.\MitsuI2C.r30)
	Mar 29 00:22:02 2012

GLOBALS (.\Globals.r30)
	Mar 29 00:22:03 2012

MENUTASK (.\MenuTask.r30)
	Mar 29 00:22:03 2012

INTERUPTS (.\Interupts.r30)
	Mar 29 00:17:10 2012

FOLLOWTASK (.\FollowTask.r30)
	Mar 29 00:22:03 2012

PIDCONTROLLER (.\PIDController.r30)
	Mar 29 00:22:03 2012

10SK (.\10sk.r30)
	Mar 28 23:27:46 2012

_F4ADD (C:\MTOOL\LIB30\nc30lib.lib)
	Feb  1 19:47:51 2001

_F4DIV (C:\MTOOL\LIB30\nc30lib.lib)
	Feb  1 19:48:37 2001

_F4GE (C:\MTOOL\LIB30\nc30lib.lib)
	Feb  1 19:49:24 2001

_F4LE (C:\MTOOL\LIB30\nc30lib.lib)
	Feb  1 19:49:24 2001

_F4MUL (C:\MTOOL\LIB30\nc30lib.lib)
	Feb  1 19:49:25 2001

_F4SUB (C:\MTOOL\LIB30\nc30lib.lib)
	Feb  1 19:49:26 2001

_F4TOF8 (C:\MTOOL\LIB30\nc30lib.lib)
	Feb  1 19:49:26 2001

_F8ADD (C:\MTOOL\LIB30\nc30lib.lib)
	Feb  1 19:49:35 2001

_F8GE (C:\MTOOL\LIB30\nc30lib.lib)
	Feb  1 19:49:48 2001

_F8LE (C:\MTOOL\LIB30\nc30lib.lib)
	Feb  1 19:49:48 2001

_F8LTOR (C:\MTOOL\LIB30\nc30lib.lib)
	Feb  1 19:49:49 2001

_F8MUL (C:\MTOOL\LIB30\nc30lib.lib)
	Feb  1 19:49:55 2001

_F8SUB (C:\MTOOL\LIB30\nc30lib.lib)
	Feb  1 19:49:59 2001

_F8TOF4 (C:\MTOOL\LIB30\nc30lib.lib)
	Feb  1 19:49:59 2001

_F8TOI4 (C:\MTOOL\LIB30\nc30lib.lib)
	Feb  1 19:49:59 2001

_FTOL (C:\MTOOL\LIB30\nc30lib.lib)
	Feb  1 19:50:01 2001

_I4TOF4 (C:\MTOOL\LIB30\nc30lib.lib)
	Feb  1 19:50:02 2001

_I4TOF8 (C:\MTOOL\LIB30\nc30lib.lib)
	Feb  1 19:50:02 2001

_LTOF (C:\MTOOL\LIB30\nc30lib.lib)
	Feb  1 19:50:03 2001

SQRT (C:\MTOOL\LIB30\nc30lib.lib)
	Feb  1 19:50:26 2001

ATAN2 (C:\MTOOL\LIB30\nc30lib.lib)
	Feb  1 19:50:30 2001

ERRNO (C:\MTOOL\LIB30\nc30lib.lib)
	Feb  1 19:50:30 2001

_F4LTOR (C:\MTOOL\LIB30\nc30lib.lib)
	Feb  1 19:49:25 2001

_F4RTOL (C:\MTOOL\LIB30\nc30lib.lib)
	Feb  1 19:49:26 2001

_F8DIV (C:\MTOOL\LIB30\nc30lib.lib)
	Feb  1 19:49:45 2001

_F8EQ (C:\MTOOL\LIB30\nc30lib.lib)
	Feb  1 19:49:48 2001

_F8LT (C:\MTOOL\LIB30\nc30lib.lib)
	Feb  1 19:49:49 2001

_F8NE (C:\MTOOL\LIB30\nc30lib.lib)
	Feb  1 19:49:58 2001

_F8RTOL (C:\MTOOL\LIB30\nc30lib.lib)
	Feb  1 19:49:59 2001

ACOS (C:\MTOOL\LIB30\nc30lib.lib)
	Feb  1 19:50:29 2001

ASIN (C:\MTOOL\LIB30\nc30lib.lib)
	Feb  1 19:50:29 2001

ATAN (C:\MTOOL\LIB30\nc30lib.lib)
	Feb  1 19:50:29 2001


##########################################
# (2) SECTION INFORMATION                #
##########################################
# SECTION                        ATR TYPE    START  LENGTH ALIGN MODULENAME
data_SE                          ABS DATA    000400 000000       NCRT0
bss_SE                           REL DATA    000400 000000 2     NCRT0
data_SO                          REL DATA    000400 000000       NCRT0
bss_SO                           REL DATA    000400 000000       NCRT0
data_NE                          REL DATA    000400 000000 2     NCRT0
                                 REL DATA    000400 000006       MITSUI2C
                                 REL DATA    000406 000004       10SK
                                 REL DATA    00040A 000002       ERRNO
bss_NE                           REL DATA    00040C 000000 2     NCRT0
                                 REL DATA    00040C 000048       MAGACC
                                 REL DATA    000454 00000C       MITSUI2C
                                 REL DATA    000460 000008       GLOBALS
                                 REL DATA    000468 000004       MENUTASK
                                 REL DATA    00046C 000004       FOLLOWTASK
                                 REL DATA    000470 000028       PIDCONTROLLER
                                 REL DATA    000498 00003E       10SK
data_NO                          REL DATA    0004D6 000000       NCRT0
                                 REL DATA    0004D6 00000F       GLOBALS
bss_NO                           REL DATA    0004E5 000000       NCRT0
                                 REL DATA    0004E5 000001       GLOBALS
                                 REL DATA    0004E6 000001       MENUTASK
                                 REL DATA    0004E7 00000A       10SK
ustack                           REL DATA    0004F1 000008       NCRT0
istack                           ABS DATA    00077F 000001       NCRT0
heap                             REL DATA    000780 000000       NCRT0
rom_FE                           ABS ROMDATA 0FA000 000000       NCRT0
                                 REL ROMDATA 0FA000 000008       GLOBALS
rom_FO                           REL ROMDATA 0FA008 000000       NCRT0
                                 REL ROMDATA 0FA008 000012       MAIN
                                 REL ROMDATA 0FA01A 00000B       COMPASS
                                 REL ROMDATA 0FA025 000045       MENUTASK
                                 REL ROMDATA 0FA06A 000012       FOLLOWTASK
data_SEI                         REL ROMDATA 0FA07C 000000       NCRT0
data_SOI                         REL ROMDATA 0FA07C 000000       NCRT0
data_NEI                         REL ROMDATA 0FA07C 000000       NCRT0
                                 REL ROMDATA 0FA07C 000006       MITSUI2C
                                 REL ROMDATA 0FA082 000004       10SK
                                 REL ROMDATA 0FA086 000002       ERRNO
data_NOI                         REL ROMDATA 0FA088 000000       NCRT0
                                 REL ROMDATA 0FA088 00000F       GLOBALS
switch_table                     REL ROMDATA 0FA097 000000       NCRT0
interrupt                        REL CODE    0FA097 000000       NCRT0
                                 REL CODE    0FA097 0000B8       NCRT0
program                          REL CODE    0FA14F 000000       NCRT0
                                 REL CODE    0FA150 0000AA 2     MAIN
                                 REL CODE    0FA1FA 00015A 2     COMPASS
                                 REL CODE    0FA354 000021 2     DELAYTIMER
                                 REL CODE    0FA376 00095D 2     MAGACC
                                 REL CODE    0FACD4 000486 2     MITSUI2C
                                 REL CODE    0FB15A 00041A 2     GLOBALS
                                 REL CODE    0FB574 000552 2     MENUTASK
                                 REL CODE    0FBAC6 0000E5 2     INTERUPTS
                                 REL CODE    0FBBAC 0001C4 2     FOLLOWTASK
                                 REL CODE    0FBD70 000344 2     PIDCONTROLLER
                                 REL CODE    0FC0B4 000558 2     10SK
                                 REL CODE    0FC60C 000714 2     _F4ADD
                                 REL CODE    0FCD20 00020E 2     _F4DIV
                                 REL CODE    0FCF2E 000081 2     _F4GE
                                 REL CODE    0FCFB0 000081 2     _F4LE
                                 REL CODE    0FD032 0001BD 2     _F4MUL
                                 REL CODE    0FD1F0 00001D 2     _F4SUB
                                 REL CODE    0FD20E 000092 2     _F4TOF8
                                 REL CODE    0FD2A0 000AD3 2     _F8ADD
                                 REL CODE    0FDD74 0000A7 2     _F8GE
                                 REL CODE    0FDE1C 0000A7 2     _F8LE
                                 REL CODE    0FDEC4 000072 2     _F8LTOR
                                 REL CODE    0FDF36 0002DD 2     _F8MUL
                                 REL CODE    0FE214 000030 2     _F8SUB
                                 REL CODE    0FE244 0000BD 2     _F8TOF4
                                 REL CODE    0FE302 000029 2     _F8TOI4
                                 REL CODE    0FE32C 000198 2     _FTOL
                                 REL CODE    0FE4C4 000026 2     _I4TOF4
                                 REL CODE    0FE4EA 000026 2     _I4TOF8
                                 REL CODE    0FE510 000108 2     _LTOF
                                 REL CODE    0FE618 0001EE 2     SQRT
                                 REL CODE    0FE806 000140 2     ATAN2
                                 REL CODE    0FE946 000061 2     _F4LTOR
                                 REL CODE    0FE9A8 000060 2     _F4RTOL
                                 REL CODE    0FEA08 0002E3 2     _F8DIV
                                 REL CODE    0FECEC 00007C 2     _F8EQ
                                 REL CODE    0FED68 0000A7 2     _F8LT
                                 REL CODE    0FEE10 00007C 2     _F8NE
                                 REL CODE    0FEE8C 000066 2     _F8RTOL
                                 REL CODE    0FEEF2 000101 2     ACOS
                                 REL CODE    0FEFF4 0001CD 2     ASIN
                                 REL CODE    0FF1C2 000285 2     ATAN
program_S                        REL CODE    0FF447 000000       NCRT0
vector                           ABS CODE    0FF800 0000C0       NCRT0
fvector                          ABS CODE    0FFFDC 000024       NCRT0
# Total -------------------------------------------------------------------
                                     DATA           0000FA(0000250) Byte(s)
                                     ROMDATA        000097(0000151) Byte(s)
                                     CODE           005494(0021652) Byte(s)

##########################################
# (3) GLOBAL LABEL INFORMATION           #
##########################################
$DIS_delay         0fc5da  $MitsuI2C_beginT   0fb09a  $MitsuI2C_reques   0fb0d6
$MitsuI2C_send     0fb0b8  $Run_Task          0fc40a  $_f4ltor           0fe946
$_f4rtol           0fe9a8  $_f8ltor           0fdec4  $_f8rtol           0fee8c
$_ftol             0fe32c  $_ltof             0fe510  $addTask           0fc2aa
$changeVariable    0fb88c  $degreeDifferanc   0fb44e  $disp_ctrlw        0fc58a
$disp_dataw        0fc53a  $display           0fc41e  $enqueue           0fc1fc
$exit              0fa143  $getCompassReadi   0fb15a  $get_compass       0fa346
$readAccReg        0fa47e  $readMagReg        0fa4e6  $set_OffSet        0fa24e
$set_compass       0fa2f0  $set_desired       0fa30e  $set_strCurrent    0fa268
$set_strDesired    0fa1fa  $tdelay            0fc296  $toStr             0fb4d4
$vector_normaliz   0fac36  $wait_ticks        0fa354  $writeAccReg       0fa450
$writeMagReg       0fa4b8  _GBL_run_schedul   000408  _GBL_task_list     000498
_Keyinput_task     0fc10a  _LCD_write         0fc4b4  _MitsuI2C_Init     0facd4
_MitsuI2C_availa   0fb13e  _MitsuI2C_calibr   0fadd0  _MitsuI2C_endTra   0fb0d2
_MitsuI2C_getHea   0fae2c  _MitsuI2C_receiv   0fb144  _MitsuI2C_testPu   0facfc
_PID               000470  _Run_RR_Schedule   0fc3ae  __SB__             000400
__f4add            0fc60c  __f4div            0fcd20  __f4ge             0fcf2e
__f4le             0fcfb0  __f4mul            0fd032  __f4sub            0fd1f0
__f4tof8           0fd20e  __f8add            0fd2a0  __f8div            0fea08
__f8eq             0fecec  __f8ge             0fdd74  __f8le             0fde1c
__f8lt             0fed68  __f8mul            0fdf36  __f8ne             0fee10
__f8sub            0fe214  __f8tof4           0fe244  __f8toi4           0fe302
__i4tof4           0fe4c4  __i4tof8           0fe4ea  _a                 00040c
_acos              0feef2  _allowedToleranc   000462  _asin              0feff4
_atan              0ff1c2  _atan2             0fe806  _bailSCLrx         000404
_buff              0004f0  _c_ticks           000460  _data              000454
_dataCount         000400  _dataPos           000402  _deg_S             0fa000
_delay_ticker      0fbb20  _delay_time        0004d4  _dequeue_key       0fc1d6
_disp_datar        0fc4f2  _enableDefault     0fa40e  _errno             00040a
_exit              0fa143  _followHeading_t   0fbbb8  _followTaskPrior   00046e
_followTaskTime    00046c  _getCalibrateRea   0fa3f0  _get_digital_hea   0fa75e
_heading           0004d6  _heading_from      0fa792  _initFollowTask    0fbbac
_initInterupts     0fbac6  _initMagAcc        0fa376  _initMenuTask      0fb574
_initPID           0fbd70  _init_BSP          0fc0b4  _init_Task_Timer   0fc36a
_init_disp         0fc45e  _key               0004e5  _key_buff          0004e8
_key_in            0004ee  _key_mode          0004ef  _key_out           0004ed
_keyinput_down     0fc1a2  _m                 000418  _m_max             000424
_m_min             000430  _main              0fa150  _menu              0fa025
_menuTask          0fb580  _modPID_task       0fbdce  _motorKill         0fbb9a
_motorRunning      000466  _motorToggle       0fbb32  _moveCount         000464
_num               0fa052  _numbers           0fa01a  _paused            000468
_read              0fa756  _readAcc           0fa520  _readMag           0fa5ca
_removeTask        0fc310  _selected_menu     00046a  _sqrt              0fe618
_sys_mode          0004e6  _test_max          00043c  _test_min          000448
_tick_count        0fa370  _tick_timer_intr   0fc218  _vector_cross      0fa9fe
_vector_dot        0fab7a  start              0fa097  

##########################################
# (4) GLOBAL EQU SYMBOL INFORMATION      #
##########################################

##########################################
# (5) GLOBAL EQU BIT-SYMBOL INFORMATION  #
##########################################

##########################################
# (6) LOCAL LABEL INFORMATION            #
##########################################
@ NCRT0 ( .\ncrt0.r30 )
@ MAIN ( .\main.r30 )
@ COMPASS ( .\compass.r30 )
@ DELAYTIMER ( .\delayTimer.r30 )
@ MAGACC ( .\MagAcc.r30 )
@ MITSUI2C ( .\MitsuI2C.r30 )
@ GLOBALS ( .\Globals.r30 )
@ MENUTASK ( .\MenuTask.r30 )
@ INTERUPTS ( .\Interupts.r30 )
@ FOLLOWTASK ( .\FollowTask.r30 )
@ PIDCONTROLLER ( .\PIDController.r30 )
@ 10SK ( .\10sk.r30 )
@ _F4ADD ( C:\MTOOL\LIB30\nc30lib.lib )
@ _F4DIV ( C:\MTOOL\LIB30\nc30lib.lib )
@ _F4GE ( C:\MTOOL\LIB30\nc30lib.lib )
@ _F4LE ( C:\MTOOL\LIB30\nc30lib.lib )
@ _F4MUL ( C:\MTOOL\LIB30\nc30lib.lib )
@ _F4SUB ( C:\MTOOL\LIB30\nc30lib.lib )
@ _F4TOF8 ( C:\MTOOL\LIB30\nc30lib.lib )
@ _F8ADD ( C:\MTOOL\LIB30\nc30lib.lib )
@ _F8GE ( C:\MTOOL\LIB30\nc30lib.lib )
@ _F8LE ( C:\MTOOL\LIB30\nc30lib.lib )
@ _F8LTOR ( C:\MTOOL\LIB30\nc30lib.lib )
@ _F8MUL ( C:\MTOOL\LIB30\nc30lib.lib )
@ _F8SUB ( C:\MTOOL\LIB30\nc30lib.lib )
@ _F8TOF4 ( C:\MTOOL\LIB30\nc30lib.lib )
@ _F8TOI4 ( C:\MTOOL\LIB30\nc30lib.lib )
@ _FTOL ( C:\MTOOL\LIB30\nc30lib.lib )
@ _I4TOF4 ( C:\MTOOL\LIB30\nc30lib.lib )
@ _I4TOF8 ( C:\MTOOL\LIB30\nc30lib.lib )
@ _LTOF ( C:\MTOOL\LIB30\nc30lib.lib )
@ SQRT ( C:\MTOOL\LIB30\nc30lib.lib )
@ ATAN2 ( C:\MTOOL\LIB30\nc30lib.lib )
@ ERRNO ( C:\MTOOL\LIB30\nc30lib.lib )
@ _F4LTOR ( C:\MTOOL\LIB30\nc30lib.lib )
@ _F4RTOL ( C:\MTOOL\LIB30\nc30lib.lib )
@ _F8DIV ( C:\MTOOL\LIB30\nc30lib.lib )
@ _F8EQ ( C:\MTOOL\LIB30\nc30lib.lib )
@ _F8LT ( C:\MTOOL\LIB30\nc30lib.lib )
@ _F8NE ( C:\MTOOL\LIB30\nc30lib.lib )
@ _F8RTOL ( C:\MTOOL\LIB30\nc30lib.lib )
@ ACOS ( C:\MTOOL\LIB30\nc30lib.lib )
@ ASIN ( C:\MTOOL\LIB30\nc30lib.lib )
@ ATAN ( C:\MTOOL\LIB30\nc30lib.lib )

##########################################
# (7) LOCAL EQU SYMBOL INFORMATION       #
##########################################
@ NCRT0 ( .\ncrt0.r30 )
@ MAIN ( .\main.r30 )
@ COMPASS ( .\compass.r30 )
@ DELAYTIMER ( .\delayTimer.r30 )
@ MAGACC ( .\MagAcc.r30 )
@ MITSUI2C ( .\MitsuI2C.r30 )
@ GLOBALS ( .\Globals.r30 )
@ MENUTASK ( .\MenuTask.r30 )
@ INTERUPTS ( .\Interupts.r30 )
@ FOLLOWTASK ( .\FollowTask.r30 )
@ PIDCONTROLLER ( .\PIDController.r30 )
@ 10SK ( .\10sk.r30 )
@ _F4ADD ( C:\MTOOL\LIB30\nc30lib.lib )
@ _F4DIV ( C:\MTOOL\LIB30\nc30lib.lib )
@ _F4GE ( C:\MTOOL\LIB30\nc30lib.lib )
@ _F4LE ( C:\MTOOL\LIB30\nc30lib.lib )
@ _F4MUL ( C:\MTOOL\LIB30\nc30lib.lib )
@ _F4SUB ( C:\MTOOL\LIB30\nc30lib.lib )
@ _F4TOF8 ( C:\MTOOL\LIB30\nc30lib.lib )
@ _F8ADD ( C:\MTOOL\LIB30\nc30lib.lib )
@ _F8GE ( C:\MTOOL\LIB30\nc30lib.lib )
@ _F8LE ( C:\MTOOL\LIB30\nc30lib.lib )
@ _F8LTOR ( C:\MTOOL\LIB30\nc30lib.lib )
@ _F8MUL ( C:\MTOOL\LIB30\nc30lib.lib )
@ _F8SUB ( C:\MTOOL\LIB30\nc30lib.lib )
@ _F8TOF4 ( C:\MTOOL\LIB30\nc30lib.lib )
@ _F8TOI4 ( C:\MTOOL\LIB30\nc30lib.lib )
@ _FTOL ( C:\MTOOL\LIB30\nc30lib.lib )
@ _I4TOF4 ( C:\MTOOL\LIB30\nc30lib.lib )
@ _I4TOF8 ( C:\MTOOL\LIB30\nc30lib.lib )
@ _LTOF ( C:\MTOOL\LIB30\nc30lib.lib )
@ SQRT ( C:\MTOOL\LIB30\nc30lib.lib )
@ ATAN2 ( C:\MTOOL\LIB30\nc30lib.lib )
@ ERRNO ( C:\MTOOL\LIB30\nc30lib.lib )
@ _F4LTOR ( C:\MTOOL\LIB30\nc30lib.lib )
@ _F4RTOL ( C:\MTOOL\LIB30\nc30lib.lib )
@ _F8DIV ( C:\MTOOL\LIB30\nc30lib.lib )
@ _F8EQ ( C:\MTOOL\LIB30\nc30lib.lib )
@ _F8LT ( C:\MTOOL\LIB30\nc30lib.lib )
@ _F8NE ( C:\MTOOL\LIB30\nc30lib.lib )
@ _F8RTOL ( C:\MTOOL\LIB30\nc30lib.lib )
@ ACOS ( C:\MTOOL\LIB30\nc30lib.lib )
@ ASIN ( C:\MTOOL\LIB30\nc30lib.lib )
@ ATAN ( C:\MTOOL\LIB30\nc30lib.lib )

##########################################
# (8) LOCAL EQU BIT-SYMBOL INFORMATION   #
##########################################
@ NCRT0 ( .\ncrt0.r30 )
@ MAIN ( .\main.r30 )
@ COMPASS ( .\compass.r30 )
@ DELAYTIMER ( .\delayTimer.r30 )
@ MAGACC ( .\MagAcc.r30 )
@ MITSUI2C ( .\MitsuI2C.r30 )
@ GLOBALS ( .\Globals.r30 )
@ MENUTASK ( .\MenuTask.r30 )
@ INTERUPTS ( .\Interupts.r30 )
@ FOLLOWTASK ( .\FollowTask.r30 )
@ PIDCONTROLLER ( .\PIDController.r30 )
@ 10SK ( .\10sk.r30 )
@ _F4ADD ( C:\MTOOL\LIB30\nc30lib.lib )
@ _F4DIV ( C:\MTOOL\LIB30\nc30lib.lib )
@ _F4GE ( C:\MTOOL\LIB30\nc30lib.lib )
@ _F4LE ( C:\MTOOL\LIB30\nc30lib.lib )
@ _F4MUL ( C:\MTOOL\LIB30\nc30lib.lib )
@ _F4SUB ( C:\MTOOL\LIB30\nc30lib.lib )
@ _F4TOF8 ( C:\MTOOL\LIB30\nc30lib.lib )
@ _F8ADD ( C:\MTOOL\LIB30\nc30lib.lib )
@ _F8GE ( C:\MTOOL\LIB30\nc30lib.lib )
@ _F8LE ( C:\MTOOL\LIB30\nc30lib.lib )
@ _F8LTOR ( C:\MTOOL\LIB30\nc30lib.lib )
@ _F8MUL ( C:\MTOOL\LIB30\nc30lib.lib )
@ _F8SUB ( C:\MTOOL\LIB30\nc30lib.lib )
@ _F8TOF4 ( C:\MTOOL\LIB30\nc30lib.lib )
@ _F8TOI4 ( C:\MTOOL\LIB30\nc30lib.lib )
@ _FTOL ( C:\MTOOL\LIB30\nc30lib.lib )
@ _I4TOF4 ( C:\MTOOL\LIB30\nc30lib.lib )
@ _I4TOF8 ( C:\MTOOL\LIB30\nc30lib.lib )
@ _LTOF ( C:\MTOOL\LIB30\nc30lib.lib )
@ SQRT ( C:\MTOOL\LIB30\nc30lib.lib )
@ ATAN2 ( C:\MTOOL\LIB30\nc30lib.lib )
@ ERRNO ( C:\MTOOL\LIB30\nc30lib.lib )
@ _F4LTOR ( C:\MTOOL\LIB30\nc30lib.lib )
@ _F4RTOL ( C:\MTOOL\LIB30\nc30lib.lib )
@ _F8DIV ( C:\MTOOL\LIB30\nc30lib.lib )
@ _F8EQ ( C:\MTOOL\LIB30\nc30lib.lib )
@ _F8LT ( C:\MTOOL\LIB30\nc30lib.lib )
@ _F8NE ( C:\MTOOL\LIB30\nc30lib.lib )
@ _F8RTOL ( C:\MTOOL\LIB30\nc30lib.lib )
@ ACOS ( C:\MTOOL\LIB30\nc30lib.lib )
@ ASIN ( C:\MTOOL\LIB30\nc30lib.lib )
@ ATAN ( C:\MTOOL\LIB30\nc30lib.lib )

