##########################################
# (1) LINK INFORMATION                   #
##########################################
LN30 @.\Demo.cmd

# LINK FILE INFORMATION
NCRT0 (.\ncrt0.r30)
	Sep  5 00:41:31 2012

MAIN (.\main.r30)
	Sep  5 00:41:34 2012

DELAYTIMER (.\delayTimer.r30)
	Sep  5 00:41:34 2012

MAGACC (.\MagAcc.r30)
	Sep  5 00:41:34 2012

MITSUI2C (.\MitsuI2C.r30)
	Sep  5 00:41:34 2012

GLOBALS (.\Globals.r30)
	Sep  5 00:41:34 2012

MENUTASK (.\MenuTask.r30)
	Sep  5 00:41:35 2012

INTERUPTS (.\Interupts.r30)
	Sep  4 22:52:07 2012

FOLLOWTASK (.\FollowTask.r30)
	Sep  5 00:41:35 2012

PIDCONTROLLER (.\PIDController.r30)
	Sep  5 00:41:34 2012

10SK (.\10sk.r30)
	Sep  4 20:08:59 2012

DISPLAYTASK (.\DisplayTask.r30)
	Sep  5 00:41:35 2012

_F4ADD (C:\MTOOL\LIB30\nc30lib.lib)
	Feb  1 19:47:51 2001

_F4DIV (C:\MTOOL\LIB30\nc30lib.lib)
	Feb  1 19:48:37 2001

_F4GE (C:\MTOOL\LIB30\nc30lib.lib)
	Feb  1 19:49:24 2001

_F4LE (C:\MTOOL\LIB30\nc30lib.lib)
	Feb  1 19:49:24 2001

_F4MUL (C:\MTOOL\LIB30\nc30lib.lib)
	Feb  1 19:49:25 2001

_F4SUB (C:\MTOOL\LIB30\nc30lib.lib)
	Feb  1 19:49:26 2001

_F4TOF8 (C:\MTOOL\LIB30\nc30lib.lib)
	Feb  1 19:49:26 2001

_F8ADD (C:\MTOOL\LIB30\nc30lib.lib)
	Feb  1 19:49:35 2001

_F8GE (C:\MTOOL\LIB30\nc30lib.lib)
	Feb  1 19:49:48 2001

_F8LE (C:\MTOOL\LIB30\nc30lib.lib)
	Feb  1 19:49:48 2001

_F8LTOR (C:\MTOOL\LIB30\nc30lib.lib)
	Feb  1 19:49:49 2001

_F8MUL (C:\MTOOL\LIB30\nc30lib.lib)
	Feb  1 19:49:55 2001

_F8SUB (C:\MTOOL\LIB30\nc30lib.lib)
	Feb  1 19:49:59 2001

_F8TOF4 (C:\MTOOL\LIB30\nc30lib.lib)
	Feb  1 19:49:59 2001

_F8TOI4 (C:\MTOOL\LIB30\nc30lib.lib)
	Feb  1 19:49:59 2001

_FTOL (C:\MTOOL\LIB30\nc30lib.lib)
	Feb  1 19:50:01 2001

_I4TOF4 (C:\MTOOL\LIB30\nc30lib.lib)
	Feb  1 19:50:02 2001

_I4TOF8 (C:\MTOOL\LIB30\nc30lib.lib)
	Feb  1 19:50:02 2001

_LTOF (C:\MTOOL\LIB30\nc30lib.lib)
	Feb  1 19:50:03 2001

SQRT (C:\MTOOL\LIB30\nc30lib.lib)
	Feb  1 19:50:26 2001

ATAN2 (C:\MTOOL\LIB30\nc30lib.lib)
	Feb  1 19:50:30 2001

ERRNO (C:\MTOOL\LIB30\nc30lib.lib)
	Feb  1 19:50:30 2001

_F4LTOR (C:\MTOOL\LIB30\nc30lib.lib)
	Feb  1 19:49:25 2001

_F4RTOL (C:\MTOOL\LIB30\nc30lib.lib)
	Feb  1 19:49:26 2001

_F8DIV (C:\MTOOL\LIB30\nc30lib.lib)
	Feb  1 19:49:45 2001

_F8EQ (C:\MTOOL\LIB30\nc30lib.lib)
	Feb  1 19:49:48 2001

_F8LT (C:\MTOOL\LIB30\nc30lib.lib)
	Feb  1 19:49:49 2001

_F8NE (C:\MTOOL\LIB30\nc30lib.lib)
	Feb  1 19:49:58 2001

_F8RTOL (C:\MTOOL\LIB30\nc30lib.lib)
	Feb  1 19:49:59 2001

ACOS (C:\MTOOL\LIB30\nc30lib.lib)
	Feb  1 19:50:29 2001

ASIN (C:\MTOOL\LIB30\nc30lib.lib)
	Feb  1 19:50:29 2001

ATAN (C:\MTOOL\LIB30\nc30lib.lib)
	Feb  1 19:50:29 2001


##########################################
# (2) SECTION INFORMATION                #
##########################################
# SECTION                        ATR TYPE    START  LENGTH ALIGN MODULENAME
data_SE                          ABS DATA    000400 000000       NCRT0
bss_SE                           REL DATA    000400 000000 2     NCRT0
data_SO                          REL DATA    000400 000000       NCRT0
bss_SO                           REL DATA    000400 000000       NCRT0
data_NE                          REL DATA    000400 000000 2     NCRT0
                                 REL DATA    000400 000008       MITSUI2C
                                 REL DATA    000408 00000E       GLOBALS
                                 REL DATA    000416 000004       10SK
                                 REL DATA    00041A 000002       ERRNO
bss_NE                           REL DATA    00041C 000000 2     NCRT0
                                 REL DATA    00041C 000004       MAIN
                                 REL DATA    000420 000050       MAGACC
                                 REL DATA    000470 00000C       MITSUI2C
                                 REL DATA    00047C 000012       GLOBALS
                                 REL DATA    00048E 000002       MENUTASK
                                 REL DATA    000490 000006       FOLLOWTASK
                                 REL DATA    000496 000036       PIDCONTROLLER
                                 REL DATA    0004CC 00003E       10SK
data_NO                          REL DATA    00050A 000000       NCRT0
bss_NO                           REL DATA    00050A 000000       NCRT0
                                 REL DATA    00050A 000001       GLOBALS
                                 REL DATA    00050B 000001       MENUTASK
                                 REL DATA    00050C 00000A       10SK
ustack                           REL DATA    000516 000008       NCRT0
istack                           ABS DATA    00077F 000001       NCRT0
heap                             REL DATA    000780 000000       NCRT0
rom_FE                           ABS ROMDATA 0FA000 000000       NCRT0
                                 REL ROMDATA 0FA000 000008       GLOBALS
                                 REL ROMDATA 0FA008 000048       MENUTASK
rom_FO                           REL ROMDATA 0FA050 000000       NCRT0
                                 REL ROMDATA 0FA050 000012       MAIN
                                 REL ROMDATA 0FA062 000021       MENUTASK
                                 REL ROMDATA 0FA083 000012       DISPLAYTASK
data_SEI                         REL ROMDATA 0FA095 000000       NCRT0
data_SOI                         REL ROMDATA 0FA095 000000       NCRT0
data_NEI                         REL ROMDATA 0FA095 000000       NCRT0
                                 REL ROMDATA 0FA095 000008       MITSUI2C
                                 REL ROMDATA 0FA09D 00000E       GLOBALS
                                 REL ROMDATA 0FA0AB 000004       10SK
                                 REL ROMDATA 0FA0AF 000002       ERRNO
data_NOI                         REL ROMDATA 0FA0B1 000000       NCRT0
switch_table                     REL ROMDATA 0FA0B1 000000       NCRT0
interrupt                        REL CODE    0FA0B1 000000       NCRT0
                                 REL CODE    0FA0B1 0000B8       NCRT0
program                          REL CODE    0FA169 000000       NCRT0
                                 REL CODE    0FA16A 000098 2     MAIN
                                 REL CODE    0FA202 000021 2     DELAYTIMER
                                 REL CODE    0FA224 000A91 2     MAGACC
                                 REL CODE    0FACB6 0004B0 2     MITSUI2C
                                 REL CODE    0FB166 000698 2     GLOBALS
                                 REL CODE    0FB7FE 00060F 2     MENUTASK
                                 REL CODE    0FBE0E 0000BF 2     INTERUPTS
                                 REL CODE    0FBECE 000109 2     FOLLOWTASK
                                 REL CODE    0FBFD8 0003C0 2     PIDCONTROLLER
                                 REL CODE    0FC398 000558 2     10SK
                                 REL CODE    0FC8F0 0000AD 2     DISPLAYTASK
                                 REL CODE    0FC99E 000714 2     _F4ADD
                                 REL CODE    0FD0B2 00020E 2     _F4DIV
                                 REL CODE    0FD2C0 000081 2     _F4GE
                                 REL CODE    0FD342 000081 2     _F4LE
                                 REL CODE    0FD3C4 0001BD 2     _F4MUL
                                 REL CODE    0FD582 00001D 2     _F4SUB
                                 REL CODE    0FD5A0 000092 2     _F4TOF8
                                 REL CODE    0FD632 000AD3 2     _F8ADD
                                 REL CODE    0FE106 0000A7 2     _F8GE
                                 REL CODE    0FE1AE 0000A7 2     _F8LE
                                 REL CODE    0FE256 000072 2     _F8LTOR
                                 REL CODE    0FE2C8 0002DD 2     _F8MUL
                                 REL CODE    0FE5A6 000030 2     _F8SUB
                                 REL CODE    0FE5D6 0000BD 2     _F8TOF4
                                 REL CODE    0FE694 000029 2     _F8TOI4
                                 REL CODE    0FE6BE 000198 2     _FTOL
                                 REL CODE    0FE856 000026 2     _I4TOF4
                                 REL CODE    0FE87C 000026 2     _I4TOF8
                                 REL CODE    0FE8A2 000108 2     _LTOF
                                 REL CODE    0FE9AA 0001EE 2     SQRT
                                 REL CODE    0FEB98 000140 2     ATAN2
                                 REL CODE    0FECD8 000061 2     _F4LTOR
                                 REL CODE    0FED3A 000060 2     _F4RTOL
                                 REL CODE    0FED9A 0002E3 2     _F8DIV
                                 REL CODE    0FF07E 00007C 2     _F8EQ
                                 REL CODE    0FF0FA 0000A7 2     _F8LT
                                 REL CODE    0FF1A2 00007C 2     _F8NE
                                 REL CODE    0FF21E 000066 2     _F8RTOL
                                 REL CODE    0FF284 000101 2     ACOS
                                 REL CODE    0FF386 0001CD 2     ASIN
                                 REL CODE    0FF554 000285 2     ATAN
program_S                        REL CODE    0FF7D9 000000       NCRT0
vector                           ABS CODE    0FF800 0000C0       NCRT0
fvector                          ABS CODE    0FFFDC 000024       NCRT0
# Total -------------------------------------------------------------------
                                     DATA           00011F(0000287) Byte(s)
                                     ROMDATA        0000B1(0000177) Byte(s)
                                     CODE           00580C(0022540) Byte(s)

##########################################
# (3) GLOBAL LABEL INFORMATION           #
##########################################
$DIS_delay         0fc8be  $MitsuI2C_beginT   0fb090  $MitsuI2C_receiv   0fb146
$MitsuI2C_reques   0fb0d4  $MitsuI2C_send     0fb0b2  $Run_Task          0fc6ee
$_f4ltor           0fecd8  $_f4rtol           0fed3a  $_f8ltor           0fe256
$_f8rtol           0ff21e  $_ftol             0fe6be  $_ltof             0fe8a2
$addTask           0fc58e  $changeVariable    0fbbde  $degreeDifferanc   0fb57c
$digits2String     0fb66c  $disp_ctrlw        0fc86e  $disp_dataw        0fc81e
$display           0fc702  $enqueue           0fc4e0  $exit              0fa15d
$getCompassReadi   0fb1b6  $numsToStr         0fb704  $readAccReg        0fa31e
$readMagReg        0fa388  $setCompass        0fb166  $setDesired        0fb18e
$tack2Heading      0fb73e  $tdelay            0fc57a  $tiltToStr         0fb6c4
$toStr             0fb602  $vector_normaliz   0fac18  $wait_ticks        0fa202
$writeAccReg       0fa2f0  $writeMagReg       0fa35a  _GBL_run_schedul   000418
_GBL_task_list     0004cc  _Keyinput_task     0fc3ee  _LCD_write         0fc798
_MitsuI2C_Init     0facb6  _MitsuI2C_availa   0fb140  _MitsuI2C_calibr   0fadb2
_MitsuI2C_endTra   0fb0d0  _MitsuI2C_getHea   0fae0e  _MitsuI2C_testPu   0facde
_PID               000496  _Run_RR_Schedule   0fc692  __SB__             000400
__f4add            0fc99e  __f4div            0fd0b2  __f4ge             0fd2c0
__f4le             0fd342  __f4mul            0fd3c4  __f4sub            0fd582
__f4tof8           0fd5a0  __f8add            0fd632  __f8div            0fed9a
__f8eq             0ff07e  __f8ge             0fe106  __f8le             0fe1ae
__f8lt             0ff0fa  __f8mul            0fe2c8  __f8ne             0ff1a2
__f8sub            0fe5a6  __f8tof4           0fe5d6  __f8toi4           0fe694
__i4tof4           0fe856  __i4tof8           0fe87c  _a                 000428
_acos              0ff284  _allowedToleranc   00047e  _asin              0ff386
_atan              0ff554  _atan2             0feb98  _bailOutBadCompa   000414
_bailSCLrx         000406  _buff              000515  _c_ticks           00047c
_check4ShaftNOut   0fb7c4  _data              000470  _dataCount         000402
_dataPos           000404  _deg_S             0fa000  _delay_ticker      0fbe68
_delay_time        000508  _dequeue_key       0fc4ba  _disp_datar        0fc7d6
_displayCount      000494  _displayCurrent_   0fc8fc  _displayTaskPrio   00041e
_displayTaskTime   00041c  _enableDefault     0fa2ae  _errno             00041a
_exit              0fa15d  _followHeading_t   0fbede  _followTaskPrior   000492
_followTaskTime    000490  _get_digital_hea   0fa65e  _heading           00040c
_heading_from      0fa692  _initDisplayTask   0fc8f0  _initFollowTask    0fbece
_initInterupts     0fbe0e  _initMagAcc        0fa224  _initMenuTask      0fb7fe
_initPID           0fbfd8  _init_BSP          0fc398  _init_Task_Timer   0fc64e
_init_disp         0fc742  _key               00050a  _key_buff          00050d
_key_in            000513  _key_mode          000514  _key_out           000512
_keyinput_down     0fc486  _m                 000434  _m_max             000440
_m_min             00044c  _main              0fa16a  _menu              0fa008
_menuTask          0fb80a  _modPID_task       0fc04e  _motorKill         0fbebc
_motorRunning      000482  _motorToggle       0fbe7a  _moveCount         000480
_num               0fa062  _old_value         000486  _paused            000484
_pidPrior          0004c8  _pidTaskTime       0004ca  _prepare2Follow    0fbb82
_problemI2C        000400  _problemOccured    0fb156  _read              0fa656
_readAcc           0fa3c4  _readMag           0fa4a2  _removeTask        0fc5f4
_selected_menu     00048e  _shaftPosition     00040a  _sqrt              0fe9aa
_startCompass      0fb53c  _sys_mode          00050b  _test_max          000458
_test_min          000464  _tick_count        0fa21e  _tick_timer_intr   0fc4fc
_tilt              000420  _useTilt           000408  _vector_cross      0fa9e0
_vector_dot        0fab5c  start              0fa0b1  

##########################################
# (4) GLOBAL EQU SYMBOL INFORMATION      #
##########################################

##########################################
# (5) GLOBAL EQU BIT-SYMBOL INFORMATION  #
##########################################

##########################################
# (6) LOCAL LABEL INFORMATION            #
##########################################
@ NCRT0 ( .\ncrt0.r30 )
@ MAIN ( .\main.r30 )
@ DELAYTIMER ( .\delayTimer.r30 )
@ MAGACC ( .\MagAcc.r30 )
@ MITSUI2C ( .\MitsuI2C.r30 )
@ GLOBALS ( .\Globals.r30 )
@ MENUTASK ( .\MenuTask.r30 )
@ INTERUPTS ( .\Interupts.r30 )
@ FOLLOWTASK ( .\FollowTask.r30 )
@ PIDCONTROLLER ( .\PIDController.r30 )
@ 10SK ( .\10sk.r30 )
@ DISPLAYTASK ( .\DisplayTask.r30 )
@ _F4ADD ( C:\MTOOL\LIB30\nc30lib.lib )
@ _F4DIV ( C:\MTOOL\LIB30\nc30lib.lib )
@ _F4GE ( C:\MTOOL\LIB30\nc30lib.lib )
@ _F4LE ( C:\MTOOL\LIB30\nc30lib.lib )
@ _F4MUL ( C:\MTOOL\LIB30\nc30lib.lib )
@ _F4SUB ( C:\MTOOL\LIB30\nc30lib.lib )
@ _F4TOF8 ( C:\MTOOL\LIB30\nc30lib.lib )
@ _F8ADD ( C:\MTOOL\LIB30\nc30lib.lib )
@ _F8GE ( C:\MTOOL\LIB30\nc30lib.lib )
@ _F8LE ( C:\MTOOL\LIB30\nc30lib.lib )
@ _F8LTOR ( C:\MTOOL\LIB30\nc30lib.lib )
@ _F8MUL ( C:\MTOOL\LIB30\nc30lib.lib )
@ _F8SUB ( C:\MTOOL\LIB30\nc30lib.lib )
@ _F8TOF4 ( C:\MTOOL\LIB30\nc30lib.lib )
@ _F8TOI4 ( C:\MTOOL\LIB30\nc30lib.lib )
@ _FTOL ( C:\MTOOL\LIB30\nc30lib.lib )
@ _I4TOF4 ( C:\MTOOL\LIB30\nc30lib.lib )
@ _I4TOF8 ( C:\MTOOL\LIB30\nc30lib.lib )
@ _LTOF ( C:\MTOOL\LIB30\nc30lib.lib )
@ SQRT ( C:\MTOOL\LIB30\nc30lib.lib )
@ ATAN2 ( C:\MTOOL\LIB30\nc30lib.lib )
@ ERRNO ( C:\MTOOL\LIB30\nc30lib.lib )
@ _F4LTOR ( C:\MTOOL\LIB30\nc30lib.lib )
@ _F4RTOL ( C:\MTOOL\LIB30\nc30lib.lib )
@ _F8DIV ( C:\MTOOL\LIB30\nc30lib.lib )
@ _F8EQ ( C:\MTOOL\LIB30\nc30lib.lib )
@ _F8LT ( C:\MTOOL\LIB30\nc30lib.lib )
@ _F8NE ( C:\MTOOL\LIB30\nc30lib.lib )
@ _F8RTOL ( C:\MTOOL\LIB30\nc30lib.lib )
@ ACOS ( C:\MTOOL\LIB30\nc30lib.lib )
@ ASIN ( C:\MTOOL\LIB30\nc30lib.lib )
@ ATAN ( C:\MTOOL\LIB30\nc30lib.lib )

##########################################
# (7) LOCAL EQU SYMBOL INFORMATION       #
##########################################
@ NCRT0 ( .\ncrt0.r30 )
@ MAIN ( .\main.r30 )
@ DELAYTIMER ( .\delayTimer.r30 )
@ MAGACC ( .\MagAcc.r30 )
@ MITSUI2C ( .\MitsuI2C.r30 )
@ GLOBALS ( .\Globals.r30 )
@ MENUTASK ( .\MenuTask.r30 )
@ INTERUPTS ( .\Interupts.r30 )
@ FOLLOWTASK ( .\FollowTask.r30 )
@ PIDCONTROLLER ( .\PIDController.r30 )
@ 10SK ( .\10sk.r30 )
@ DISPLAYTASK ( .\DisplayTask.r30 )
@ _F4ADD ( C:\MTOOL\LIB30\nc30lib.lib )
@ _F4DIV ( C:\MTOOL\LIB30\nc30lib.lib )
@ _F4GE ( C:\MTOOL\LIB30\nc30lib.lib )
@ _F4LE ( C:\MTOOL\LIB30\nc30lib.lib )
@ _F4MUL ( C:\MTOOL\LIB30\nc30lib.lib )
@ _F4SUB ( C:\MTOOL\LIB30\nc30lib.lib )
@ _F4TOF8 ( C:\MTOOL\LIB30\nc30lib.lib )
@ _F8ADD ( C:\MTOOL\LIB30\nc30lib.lib )
@ _F8GE ( C:\MTOOL\LIB30\nc30lib.lib )
@ _F8LE ( C:\MTOOL\LIB30\nc30lib.lib )
@ _F8LTOR ( C:\MTOOL\LIB30\nc30lib.lib )
@ _F8MUL ( C:\MTOOL\LIB30\nc30lib.lib )
@ _F8SUB ( C:\MTOOL\LIB30\nc30lib.lib )
@ _F8TOF4 ( C:\MTOOL\LIB30\nc30lib.lib )
@ _F8TOI4 ( C:\MTOOL\LIB30\nc30lib.lib )
@ _FTOL ( C:\MTOOL\LIB30\nc30lib.lib )
@ _I4TOF4 ( C:\MTOOL\LIB30\nc30lib.lib )
@ _I4TOF8 ( C:\MTOOL\LIB30\nc30lib.lib )
@ _LTOF ( C:\MTOOL\LIB30\nc30lib.lib )
@ SQRT ( C:\MTOOL\LIB30\nc30lib.lib )
@ ATAN2 ( C:\MTOOL\LIB30\nc30lib.lib )
@ ERRNO ( C:\MTOOL\LIB30\nc30lib.lib )
@ _F4LTOR ( C:\MTOOL\LIB30\nc30lib.lib )
@ _F4RTOL ( C:\MTOOL\LIB30\nc30lib.lib )
@ _F8DIV ( C:\MTOOL\LIB30\nc30lib.lib )
@ _F8EQ ( C:\MTOOL\LIB30\nc30lib.lib )
@ _F8LT ( C:\MTOOL\LIB30\nc30lib.lib )
@ _F8NE ( C:\MTOOL\LIB30\nc30lib.lib )
@ _F8RTOL ( C:\MTOOL\LIB30\nc30lib.lib )
@ ACOS ( C:\MTOOL\LIB30\nc30lib.lib )
@ ASIN ( C:\MTOOL\LIB30\nc30lib.lib )
@ ATAN ( C:\MTOOL\LIB30\nc30lib.lib )

##########################################
# (8) LOCAL EQU BIT-SYMBOL INFORMATION   #
##########################################
@ NCRT0 ( .\ncrt0.r30 )
@ MAIN ( .\main.r30 )
@ DELAYTIMER ( .\delayTimer.r30 )
@ MAGACC ( .\MagAcc.r30 )
@ MITSUI2C ( .\MitsuI2C.r30 )
@ GLOBALS ( .\Globals.r30 )
@ MENUTASK ( .\MenuTask.r30 )
@ INTERUPTS ( .\Interupts.r30 )
@ FOLLOWTASK ( .\FollowTask.r30 )
@ PIDCONTROLLER ( .\PIDController.r30 )
@ 10SK ( .\10sk.r30 )
@ DISPLAYTASK ( .\DisplayTask.r30 )
@ _F4ADD ( C:\MTOOL\LIB30\nc30lib.lib )
@ _F4DIV ( C:\MTOOL\LIB30\nc30lib.lib )
@ _F4GE ( C:\MTOOL\LIB30\nc30lib.lib )
@ _F4LE ( C:\MTOOL\LIB30\nc30lib.lib )
@ _F4MUL ( C:\MTOOL\LIB30\nc30lib.lib )
@ _F4SUB ( C:\MTOOL\LIB30\nc30lib.lib )
@ _F4TOF8 ( C:\MTOOL\LIB30\nc30lib.lib )
@ _F8ADD ( C:\MTOOL\LIB30\nc30lib.lib )
@ _F8GE ( C:\MTOOL\LIB30\nc30lib.lib )
@ _F8LE ( C:\MTOOL\LIB30\nc30lib.lib )
@ _F8LTOR ( C:\MTOOL\LIB30\nc30lib.lib )
@ _F8MUL ( C:\MTOOL\LIB30\nc30lib.lib )
@ _F8SUB ( C:\MTOOL\LIB30\nc30lib.lib )
@ _F8TOF4 ( C:\MTOOL\LIB30\nc30lib.lib )
@ _F8TOI4 ( C:\MTOOL\LIB30\nc30lib.lib )
@ _FTOL ( C:\MTOOL\LIB30\nc30lib.lib )
@ _I4TOF4 ( C:\MTOOL\LIB30\nc30lib.lib )
@ _I4TOF8 ( C:\MTOOL\LIB30\nc30lib.lib )
@ _LTOF ( C:\MTOOL\LIB30\nc30lib.lib )
@ SQRT ( C:\MTOOL\LIB30\nc30lib.lib )
@ ATAN2 ( C:\MTOOL\LIB30\nc30lib.lib )
@ ERRNO ( C:\MTOOL\LIB30\nc30lib.lib )
@ _F4LTOR ( C:\MTOOL\LIB30\nc30lib.lib )
@ _F4RTOL ( C:\MTOOL\LIB30\nc30lib.lib )
@ _F8DIV ( C:\MTOOL\LIB30\nc30lib.lib )
@ _F8EQ ( C:\MTOOL\LIB30\nc30lib.lib )
@ _F8LT ( C:\MTOOL\LIB30\nc30lib.lib )
@ _F8NE ( C:\MTOOL\LIB30\nc30lib.lib )
@ _F8RTOL ( C:\MTOOL\LIB30\nc30lib.lib )
@ ACOS ( C:\MTOOL\LIB30\nc30lib.lib )
@ ASIN ( C:\MTOOL\LIB30\nc30lib.lib )
@ ATAN ( C:\MTOOL\LIB30\nc30lib.lib )

